2025-08-01 11:57:00 [com.xxl.job.core.thread.JobThread#run]-[133]-[xxl-job, JobThread-5-1754020620698] <br>----------- xxl-job job execute start -----------<br>----------- Param:
2025-08-01 11:57:01 [com.xxl.job.core.thread.JobThread#run]-[204]-[xxl-job, JobThread-5-1754020620698] <br>----------- JobThread Exception:java.lang.reflect.InvocationTargetException
	at java.base/jdk.internal.reflect.DirectMethodHandleAccessor.invoke(DirectMethodHandleAccessor.java:118)
	at java.base/java.lang.reflect.Method.invoke(Method.java:580)
	at com.xxl.job.core.handler.impl.MethodJobHandler.execute(MethodJobHandler.java:31)
	at com.xxl.job.core.thread.JobThread.run(JobThread.java:166)
Caused by: org.springframework.dao.DuplicateKeyException: 
### Error updating database.  Cause: java.sql.SQLIntegrityConstraintViolationException: Duplicate entry '2025-08-01 11:35:00-sh000001' for key 'unique_id_time'
### The error may exist in file [D:\IDEADemo\project\stock_parent\stock_common\target\classes\mapper\StockMarketIndexInfoMapper.xml]
### The error may involve defaultParameterMap
### The error occurred while setting parameters
### SQL: insert into stock_market_index_info         ( id,market_code,market_name         ,pre_close_point,open_point,cur_point         ,min_point,max_point,trade_amount         ,trade_volume,cur_time)         values                                (?,?,?                 ,?,?,?                 ,?,?,?                 ,?,?)              ,                  (?,?,?                 ,?,?,?                 ,?,?,?                 ,?,?)
### Cause: java.sql.SQLIntegrityConstraintViolationException: Duplicate entry '2025-08-01 11:35:00-sh000001' for key 'unique_id_time'
; Duplicate entry '2025-08-01 11:35:00-sh000001' for key 'unique_id_time'
	at org.springframework.jdbc.support.SQLErrorCodeSQLExceptionTranslator.doTranslate(SQLErrorCodeSQLExceptionTranslator.java:254)
	at org.springframework.jdbc.support.AbstractFallbackSQLExceptionTranslator.translate(AbstractFallbackSQLExceptionTranslator.java:73)
	at org.mybatis.spring.MyBatisExceptionTranslator.translateExceptionIfPossible(MyBatisExceptionTranslator.java:92)
	at org.mybatis.spring.SqlSessionTemplate$SqlSessionInterceptor.invoke(SqlSessionTemplate.java:439)
	at jdk.proxy2/jdk.proxy2.$Proxy78.insert(Unknown Source)
	at org.mybatis.spring.SqlSessionTemplate.insert(SqlSessionTemplate.java:272)
	at org.apache.ibatis.binding.MapperMethod.execute(MapperMethod.java:62)
	at org.apache.ibatis.binding.MapperProxy$PlainMethodInvoker.invoke(MapperProxy.java:141)
	at org.apache.ibatis.binding.MapperProxy.invoke(MapperProxy.java:86)
	at jdk.proxy2/jdk.proxy2.$Proxy79.insertBatch(Unknown Source)
	at com.ming.stock.service.impl.StockTimerTaskServiceImpl.getInnerMarketInfo(StockTimerTaskServiceImpl.java:148)
	at com.ming.stock.job.StockJob.getStockInnerMarketInfos(StockJob.java:30)
	at java.base/jdk.internal.reflect.DirectMethodHandleAccessor.invoke(DirectMethodHandleAccessor.java:103)
	... 3 more
Caused by: java.sql.SQLIntegrityConstraintViolationException: Duplicate entry '2025-08-01 11:35:00-sh000001' for key 'unique_id_time'
	at com.mysql.cj.jdbc.exceptions.SQLError.createSQLException(SQLError.java:118)
	at com.mysql.cj.jdbc.exceptions.SQLExceptionsMapping.translateException(SQLExceptionsMapping.java:122)
	at com.mysql.cj.jdbc.ClientPreparedStatement.executeInternal(ClientPreparedStatement.java:916)
	at com.mysql.cj.jdbc.ClientPreparedStatement.execute(ClientPreparedStatement.java:354)
	at com.zaxxer.hikari.pool.ProxyPreparedStatement.execute(ProxyPreparedStatement.java:44)
	at com.zaxxer.hikari.pool.HikariProxyPreparedStatement.execute(HikariProxyPreparedStatement.java)
	at java.base/jdk.internal.reflect.DirectMethodHandleAccessor.invoke(DirectMethodHandleAccessor.java:103)
	at java.base/java.lang.reflect.Method.invoke(Method.java:580)
	at org.apache.ibatis.logging.jdbc.PreparedStatementLogger.invoke(PreparedStatementLogger.java:58)
	at jdk.proxy3/jdk.proxy3.$Proxy109.execute(Unknown Source)
	at org.apache.ibatis.executor.statement.PreparedStatementHandler.update(PreparedStatementHandler.java:48)
	at org.apache.ibatis.executor.statement.RoutingStatementHandler.update(RoutingStatementHandler.java:75)
	at org.apache.ibatis.executor.SimpleExecutor.doUpdate(SimpleExecutor.java:50)
	at org.apache.ibatis.executor.BaseExecutor.update(BaseExecutor.java:117)
	at org.apache.ibatis.executor.CachingExecutor.update(CachingExecutor.java:76)
	at java.base/jdk.internal.reflect.DirectMethodHandleAccessor.invoke(DirectMethodHandleAccessor.java:103)
	at java.base/java.lang.reflect.Method.invoke(Method.java:580)
	at org.apache.ibatis.plugin.Plugin.invoke(Plugin.java:61)
	at jdk.proxy2/jdk.proxy2.$Proxy107.update(Unknown Source)
	at org.apache.ibatis.session.defaults.DefaultSqlSession.update(DefaultSqlSession.java:197)
	at org.apache.ibatis.session.defaults.DefaultSqlSession.insert(DefaultSqlSession.java:184)
	at java.base/jdk.internal.reflect.DirectMethodHandleAccessor.invoke(DirectMethodHandleAccessor.java:103)
	at java.base/java.lang.reflect.Method.invoke(Method.java:580)
	at org.mybatis.spring.SqlSessionTemplate$SqlSessionInterceptor.invoke(SqlSessionTemplate.java:425)
	... 12 more
<br>----------- xxl-job job execute end(error) -----------
2025-08-01 11:57:01 [com.xxl.job.core.thread.TriggerCallbackThread#callbackLog]-[197]-[xxl-job, executor TriggerCallbackThread] <br>----------- xxl-job job callback finish.
2025-08-01 11:57:48 [com.xxl.job.core.thread.JobThread#run]-[194]-[xxl-job, JobThread-5-1754020620698] <br>----------- JobThread toStop, stopReason:web container destroy and kill the job.
2025-08-01 11:57:48 [com.xxl.job.core.thread.JobThread#run]-[204]-[xxl-job, JobThread-5-1754020620698] <br>----------- JobThread Exception:java.lang.InterruptedException
	at java.base/java.util.concurrent.locks.AbstractQueuedSynchronizer$ConditionObject.awaitNanos(AbstractQueuedSynchronizer.java:1765)
	at java.base/java.util.concurrent.LinkedBlockingQueue.poll(LinkedBlockingQueue.java:460)
	at com.xxl.job.core.thread.JobThread.run(JobThread.java:114)
<br>----------- xxl-job job execute end(error) -----------
